Find another job

Find another job

Find another job

Find another job

Find another job

Find another job

Find another job

Find another job

Find another job

Find another job

Find another job

Find another job

Find another job

Find another job

Find another job

Find another job

Find another job

Find another job

Find another job

Find another job

Find another job

Find another job

Find another job

Find another job

Find another job

Non-unique

Find another job

Find another job

Find another job

Find another job

Find another job

Find another job

Find another job

Find another job

Find another job

Non-unique

Find another job

Find another job

Find another job

Find another job

Find another job

Find another job

Find another job

Find another job

Find another job

Find another job

Find another job

Find another job

Find another job

Find another job

Find another job

Find another job

Find another job

Find another job

Find another job

Non-unique

Find another job

Find another job

Find another job

Find another job

Find another job

Find another job

Find another job

Find another job

Find another job

Find another job

Find another job

Find another job

Find another job

Find another job

Find another job

Find another job

Find another job

Find another job

Find another job

Find another job

Find another job

Non-unique

Find another job

Find another job

Find another job

Find another job

Find another job

Non-unique

Find another job

Find another job

Find another job

Find another job

Find another job

Find another job

Find another job

Non-unique

Non-unique

Find another job

Find another job

Find another job

Find another job

Non-unique

Find another job

Find another job
